// Jest Snapshot v1, https://goo.gl/fbAQLP

exports[`renders correctly 1`] = `
<Text
  style={
    Array [
      Object {
        "color": "#000",
        "fontFamily": "System",
        "fontSize": 16,
      },
      Object {
        "color": "#fff",
      },
    ]
  }
  uppercase={false}
>
  Test
</Text>
`;
